// Jest Snapshot v1, https://goo.gl/fbAQLP

exports[`MapLayers Component it renders 1`] = `
<DocumentFragment>
  <div
    class="leaflet-container leaflet-grab leaflet-touch-drag"
    style="width: 100px; height: 100px; position: relative;"
    tabindex="0"
  >
    <div
      class="leaflet-pane leaflet-map-pane"
      style="left: 0px; top: 0px;"
    >
      <div
        class="leaflet-pane leaflet-tile-pane"
      >
        <div
          class="leaflet-layer "
          style="z-index: 1;"
        >
          <div
            class="leaflet-tile-container leaflet-zoom-animated"
            style="left: 0px; top: 0px;"
          >
            <img
              alt=""
              class="leaflet-tile"
              role="presentation"
              src="https://a.tile.openstreetmap.org/13/4095/4095.png"
              style="width: 256px; height: 256px; left: -256px; top: -256px;"
            />
            <img
              alt=""
              class="leaflet-tile"
              role="presentation"
              src="https://b.tile.openstreetmap.org/13/4096/4095.png"
              style="width: 256px; height: 256px; left: 0px; top: -256px;"
            />
            <img
              alt=""
              class="leaflet-tile"
              role="presentation"
              src="https://b.tile.openstreetmap.org/13/4095/4096.png"
              style="width: 256px; height: 256px; left: -256px; top: 0px;"
            />
            <img
              alt=""
              class="leaflet-tile"
              role="presentation"
              src="https://c.tile.openstreetmap.org/13/4096/4096.png"
              style="width: 256px; height: 256px; left: 0px; top: 0px;"
            />
          </div>
        </div>
      </div>
      <div
        class="leaflet-pane leaflet-shadow-pane"
      />
      <div
        class="leaflet-pane leaflet-overlay-pane"
      />
      <div
        class="leaflet-pane leaflet-marker-pane"
      />
      <div
        class="leaflet-pane leaflet-tooltip-pane"
      />
      <div
        class="leaflet-pane leaflet-popup-pane"
      />
    </div>
    <div
      class="leaflet-control-container"
    >
      <div
        class="leaflet-top leaflet-left"
      >
        <div
          class="leaflet-control-zoom leaflet-bar leaflet-control"
        >
          <a
            aria-label="Zoom in"
            class="leaflet-control-zoom-in"
            href="#"
            role="button"
            title="Zoom in"
          >
            +
          </a>
          <a
            aria-label="Zoom out"
            class="leaflet-control-zoom-out"
            href="#"
            role="button"
            title="Zoom out"
          >
            âˆ’
          </a>
        </div>
      </div>
      <div
        class="leaflet-top leaflet-right"
      >
        <div
          aria-haspopup="true"
          class="leaflet-control-layers leaflet-control"
        >
          <a
            class="leaflet-control-layers-toggle"
            href="#"
            title="Layers"
          />
          <section
            class="leaflet-control-layers-list"
          >
            <div
              class="leaflet-control-layers-base"
            >
              <label>
                <div>
                  <input
                    checked="checked"
                    class="leaflet-control-layers-selector"
                    name="leaflet-base-layers_33"
                    type="radio"
                  />
                  <span>
                     OpenStreetMap.Mapnik
                  </span>
                </div>
              </label>
              <label>
                <div>
                  <input
                    class="leaflet-control-layers-selector"
                    name="leaflet-base-layers_33"
                    type="radio"
                  />
                  <span>
                     OpenStreetMap.BlackAndWhite
                  </span>
                </div>
              </label>
            </div>
            <div
              class="leaflet-control-layers-separator"
              style="display: none;"
            />
            <div
              class="leaflet-control-layers-overlays"
            />
          </section>
        </div>
      </div>
      <div
        class="leaflet-bottom leaflet-left"
      />
      <div
        class="leaflet-bottom leaflet-right"
      >
        <div
          class="leaflet-control-attribution leaflet-control"
        >
          <a
            href="https://leafletjs.com"
            title="A JS library for interactive maps"
          >
            Leaflet
          </a>
           | &copy 
          <a
            href="http://osm.org/copyright"
          >
            OpenStreetMap
          </a>
           contributors
        </div>
      </div>
    </div>
  </div>
</DocumentFragment>
`;
